// Jest Snapshot v1, https://goo.gl/fbAQLP

exports[`renders correctly 1`] = `
<View
  style={
    Array [
      Object {
        "flex": 1,
        "overflow": "hidden",
      },
      undefined,
    ]
  }
>
  <View
    onMoveShouldSetResponder={[Function]}
    onMoveShouldSetResponderCapture={[Function]}
    onResponderEnd={[Function]}
    onResponderGrant={[Function]}
    onResponderMove={[Function]}
    onResponderReject={[Function]}
    onResponderRelease={[Function]}
    onResponderStart={[Function]}
    onResponderTerminate={[Function]}
    onResponderTerminationRequest={[Function]}
    onStartShouldSetResponder={[Function]}
    onStartShouldSetResponderCapture={[Function]}
    onTouchStart={[Function]}
    style={
      Object {
        "backgroundColor": "transparent",
        "flex": 1,
        "overflow": "hidden",
      }
    }
  >
    <View
      collapsable={false}
      onStartShouldSetResponderCapture={[Function]}
      pointerEvents="auto"
      style={
        Array [
          Object {
            "bottom": 0,
            "left": 0,
            "overflow": "hidden",
            "position": "absolute",
            "right": 0,
            "top": 0,
          },
          Object {
            "bottom": 0,
            "left": 0,
            "position": "absolute",
            "right": 0,
            "top": 0,
            "transform": Array [
              Object {
                "translateX": 0,
              },
              Object {
                "translateY": 0,
              },
              Object {
                "scaleX": 1,
              },
              Object {
                "scaleY": 1,
              },
              Object {
                "rotate": "0deg",
              },
              Object {
                "skewX": "0deg",
              },
              Object {
                "skewY": "0deg",
              },
            ],
          },
          null,
        ]
      }
    >
      <View
        onLayout={[Function]}
        style={
          Object {
            "backgroundColor": "white",
            "flex": 1,
          }
        }
      >
        <View
          style={
            Object {
              "flex": 1,
            }
          }
        >
          <View
            style={
              Object {
                "borderColor": "#9e9e9e",
                "height": 120,
              }
            }
          >
            <View
              style={
                Object {
                  "backgroundColor": "white",
                  "flex": 1,
                }
              }
            >
              <View
                style={
                  Object {
                    "flex": 3,
                    "flexDirection": "row",
                  }
                }
              >
                <View
                  style={
                    Object {
                      "alignItems": "center",
                      "backgroundColor": null,
                      "flex": 1,
                      "justifyContent": "center",
                    }
                  }
                >
                  <Image
                    source={1}
                  />
                </View>
                <View
                  style={
                    Object {
                      "alignItems": "center",
                      "backgroundColor": null,
                      "flex": 3,
                      "justifyContent": "center",
                    }
                  }
                >
                  <Image
                    source={1}
                  />
                </View>
                <View
                  style={
                    Object {
                      "alignItems": "center",
                      "backgroundColor": null,
                      "flex": 1,
                      "justifyContent": "center",
                    }
                  }
                >
                  <Image
                    source={1}
                  />
                </View>
              </View>
              <View
                style={
                  Object {
                    "flex": 2,
                    "flexDirection": "row",
                  }
                }
              >
                <View
                  accessibilityComponentType={undefined}
                  accessibilityLabel={undefined}
                  accessibilityTraits={undefined}
                  accessible={true}
                  hitSlop={undefined}
                  onLayout={undefined}
                  onResponderGrant={[Function]}
                  onResponderMove={[Function]}
                  onResponderRelease={[Function]}
                  onResponderTerminate={[Function]}
                  onResponderTerminationRequest={[Function]}
                  onStartShouldSetResponder={[Function]}
                  style={
                    Array [
                      Object {
                        "alignItems": "center",
                        "borderBottomWidth": 2,
                        "borderColor": "#216BFF",
                        "flex": 4,
                        "justifyContent": "center",
                      },
                      Object {
                        "borderColor": "#216BFF",
                      },
                    ]
                  }
                  testID={undefined}
                >
                  <Text
                    accessible={true}
                    allowFontScaling={true}
                    ellipsizeMode="tail"
                    style={
                      Object {
                        "fontSize": 16,
                      }
                    }
                  >
                    Connected
                  </Text>
                </View>
                <View
                  accessibilityComponentType={undefined}
                  accessibilityLabel={undefined}
                  accessibilityTraits={undefined}
                  accessible={true}
                  hitSlop={undefined}
                  onLayout={undefined}
                  onResponderGrant={[Function]}
                  onResponderMove={[Function]}
                  onResponderRelease={[Function]}
                  onResponderTerminate={[Function]}
                  onResponderTerminationRequest={[Function]}
                  onStartShouldSetResponder={[Function]}
                  style={
                    Array [
                      Object {
                        "alignItems": "center",
                        "borderBottomWidth": 2,
                        "borderColor": "#216BFF",
                        "flex": 4,
                        "justifyContent": "center",
                      },
                      Object {
                        "borderColor": "#9e9e9e",
                      },
                    ]
                  }
                  testID={undefined}
                >
                  <Text
                    accessible={true}
                    allowFontScaling={true}
                    ellipsizeMode="tail"
                    style={
                      Object {
                        "fontSize": 16,
                      }
                    }
                  >
                    Suggested
                  </Text>
                </View>
              </View>
            </View>
          </View>
          <RCTScrollView
            automaticallyAdjustContentInsets={false}
            contentContainerStyle={
              Object {
                "padding": 0,
              }
            }
            contentInset={
              Object {
                "bottom": 49,
              }
            }
            enableAutoAutomaticScroll={true}
            extraHeight={75}
            keyboardDismissMode="interactive"
            onScroll={[Function]}
            resetScrollToCoords={
              Object {
                "x": 0,
                "y": 0,
              }
            }
            scrollEventThrottle={8}
            showsVerticalScrollIndicator={true}
            style={
              Object {
                "backgroundColor": "transparent",
                "flex": 1,
              }
            }
          >
            <View>
              <View
                style={
                  Object {
                    "flex": 1,
                    "flexDirection": "column",
                  }
                }
              >
                <View
                  style={
                    Object {
                      "backgroundColor": "#F5F6F6",
                      "flex": 10,
                    }
                  }
                >
                  <View
                    style={
                      Object {
                        "flex": 1,
                      }
                    }
                  >
                    <View
                      style={
                        Object {
                          "borderColor": "#d6d6d6",
                          "borderRadius": 10,
                          "borderWidth": 2,
                          "flex": 1,
                          "flexDirection": "row",
                          "margin": 5,
                        }
                      }
                    >
                      <Text
                        accessible={true}
                        allowFontScaling={false}
                        ellipsizeMode="tail"
                        style={
                          Array [
                            Object {
                              "color": "#9e9e9e",
                              "fontSize": 20,
                            },
                            Object {
                              "backgroundColor": "white",
                              "borderBottomRightRadius": 0,
                              "borderRadius": 10,
                              "borderTopRightRadius": 0,
                              "padding": 5,
                              "paddingLeft": 10,
                              "paddingTop": 10,
                            },
                            Object {
                              "fontFamily": "FontAwesome",
                              "fontStyle": "normal",
                              "fontWeight": "normal",
                            },
                          ]
                        }
                      >
                        
                      </Text>
                      <View
                        style={
                          Object {
                            "flex": 1,
                          }
                        }
                      >
                        <TextInput
                          onChangeText={[Function]}
                          placeholder="Search"
                          placeholderTextColor="#575757"
                          style={
                            Object {
                              "backgroundColor": "white",
                              "borderBottomRightRadius": 10,
                              "borderTopRightRadius": 10,
                              "color": "#000",
                              "fontSize": 17,
                              "height": 40,
                              "lineHeight": 24,
                              "padding": 2,
                              "paddingLeft": 5,
                              "paddingRight": 5,
                            }
                          }
                          underlineColorAndroid="rgba(0,0,0,0)"
                          value=""
                        />
                      </View>
                    </View>
                    <View
                      accessibilityComponentType={undefined}
                      accessibilityLabel={undefined}
                      accessibilityTraits={undefined}
                      accessible={true}
                      hitSlop={undefined}
                      isTVSelectable={true}
                      onLayout={undefined}
                      onResponderGrant={[Function]}
                      onResponderMove={[Function]}
                      onResponderRelease={[Function]}
                      onResponderTerminate={[Function]}
                      onResponderTerminationRequest={[Function]}
                      onStartShouldSetResponder={[Function]}
                      style={
                        Object {
                          "alignItems": "center",
                          "borderBottomWidth": 1,
                          "borderColor": "#ddd",
                          "flexDirection": "row",
                          "justifyContent": "flex-start",
                          "marginLeft": 15,
                          "opacity": 1,
                          "padding": 12,
                          "paddingLeft": 20,
                        }
                      }
                      testID={undefined}
                      tvParallaxProperties={undefined}
                    >
                      <View
                        style={
                          Object {
                            "alignSelf": "stretch",
                            "flex": 1,
                            "justifyContent": "center",
                          }
                        }
                      >
                        <Text
                          accessible={true}
                          allowFontScaling={true}
                          ellipsizeMode="tail"
                          foregroundColor="#000"
                        >
                          Absa
                        </Text>
                      </View>
                    </View>
                    <View
                      accessibilityComponentType={undefined}
                      accessibilityLabel={undefined}
                      accessibilityTraits={undefined}
                      accessible={true}
                      hitSlop={undefined}
                      isTVSelectable={true}
                      onLayout={undefined}
                      onResponderGrant={[Function]}
                      onResponderMove={[Function]}
                      onResponderRelease={[Function]}
                      onResponderTerminate={[Function]}
                      onResponderTerminationRequest={[Function]}
                      onStartShouldSetResponder={[Function]}
                      style={
                        Object {
                          "alignItems": "center",
                          "borderBottomWidth": 1,
                          "borderColor": "#ddd",
                          "flexDirection": "row",
                          "justifyContent": "flex-start",
                          "marginLeft": 15,
                          "opacity": 1,
                          "padding": 12,
                          "paddingLeft": 20,
                        }
                      }
                      testID={undefined}
                      tvParallaxProperties={undefined}
                    >
                      <View
                        style={
                          Object {
                            "alignSelf": "stretch",
                            "flex": 1,
                            "justifyContent": "center",
                          }
                        }
                      >
                        <Text
                          accessible={true}
                          allowFontScaling={true}
                          ellipsizeMode="tail"
                          foregroundColor="#000"
                        >
                          Woolworths
                        </Text>
                      </View>
                    </View>
                    <View
                      accessibilityComponentType={undefined}
                      accessibilityLabel={undefined}
                      accessibilityTraits={undefined}
                      accessible={true}
                      hitSlop={undefined}
                      isTVSelectable={true}
                      onLayout={undefined}
                      onResponderGrant={[Function]}
                      onResponderMove={[Function]}
                      onResponderRelease={[Function]}
                      onResponderTerminate={[Function]}
                      onResponderTerminationRequest={[Function]}
                      onStartShouldSetResponder={[Function]}
                      style={
                        Object {
                          "alignItems": "center",
                          "borderBottomWidth": 1,
                          "borderColor": "#ddd",
                          "flexDirection": "row",
                          "justifyContent": "flex-start",
                          "marginLeft": 15,
                          "opacity": 1,
                          "padding": 12,
                          "paddingLeft": 20,
                        }
                      }
                      testID={undefined}
                      tvParallaxProperties={undefined}
                    >
                      <View
                        style={
                          Object {
                            "alignSelf": "stretch",
                            "flex": 1,
                            "justifyContent": "center",
                          }
                        }
                      >
                        <Text
                          accessible={true}
                          allowFontScaling={true}
                          ellipsizeMode="tail"
                          foregroundColor="#000"
                        >
                          ThisIsMe
                        </Text>
                      </View>
                    </View>
                    <View
                      accessibilityComponentType={undefined}
                      accessibilityLabel={undefined}
                      accessibilityTraits={undefined}
                      accessible={true}
                      hitSlop={undefined}
                      isTVSelectable={true}
                      onLayout={undefined}
                      onResponderGrant={[Function]}
                      onResponderMove={[Function]}
                      onResponderRelease={[Function]}
                      onResponderTerminate={[Function]}
                      onResponderTerminationRequest={[Function]}
                      onStartShouldSetResponder={[Function]}
                      style={
                        Object {
                          "alignItems": "center",
                          "borderBottomWidth": 1,
                          "borderColor": "#ddd",
                          "flexDirection": "row",
                          "justifyContent": "flex-start",
                          "marginLeft": 15,
                          "opacity": 1,
                          "padding": 12,
                          "paddingLeft": 20,
                        }
                      }
                      testID={undefined}
                      tvParallaxProperties={undefined}
                    >
                      <View
                        style={
                          Object {
                            "alignSelf": "stretch",
                            "flex": 1,
                            "justifyContent": "center",
                          }
                        }
                      >
                        <Text
                          accessible={true}
                          allowFontScaling={true}
                          ellipsizeMode="tail"
                          foregroundColor="#000"
                        >
                          Totally Me
                        </Text>
                      </View>
                    </View>
                    <View
                      accessibilityComponentType={undefined}
                      accessibilityLabel={undefined}
                      accessibilityTraits={undefined}
                      accessible={true}
                      hitSlop={undefined}
                      isTVSelectable={true}
                      onLayout={undefined}
                      onResponderGrant={[Function]}
                      onResponderMove={[Function]}
                      onResponderRelease={[Function]}
                      onResponderTerminate={[Function]}
                      onResponderTerminationRequest={[Function]}
                      onStartShouldSetResponder={[Function]}
                      style={
                        Object {
                          "alignItems": "center",
                          "borderBottomWidth": 1,
                          "borderColor": "#ddd",
                          "flexDirection": "row",
                          "justifyContent": "flex-start",
                          "marginLeft": 15,
                          "opacity": 1,
                          "padding": 12,
                          "paddingLeft": 20,
                        }
                      }
                      testID={undefined}
                      tvParallaxProperties={undefined}
                    >
                      <View
                        style={
                          Object {
                            "alignSelf": "stretch",
                            "flex": 1,
                            "justifyContent": "center",
                          }
                        }
                      >
                        <Text
                          accessible={true}
                          allowFontScaling={true}
                          ellipsizeMode="tail"
                          foregroundColor="#000"
                        >
                          ItCouldBeMe
                        </Text>
                      </View>
                    </View>
                    <View
                      accessibilityComponentType={undefined}
                      accessibilityLabel={undefined}
                      accessibilityTraits={undefined}
                      accessible={true}
                      hitSlop={undefined}
                      isTVSelectable={true}
                      onLayout={undefined}
                      onResponderGrant={[Function]}
                      onResponderMove={[Function]}
                      onResponderRelease={[Function]}
                      onResponderTerminate={[Function]}
                      onResponderTerminationRequest={[Function]}
                      onStartShouldSetResponder={[Function]}
                      style={
                        Object {
                          "alignItems": "center",
                          "borderBottomWidth": 1,
                          "borderColor": "#ddd",
                          "flexDirection": "row",
                          "justifyContent": "flex-start",
                          "marginLeft": 15,
                          "opacity": 1,
                          "padding": 12,
                          "paddingLeft": 20,
                        }
                      }
                      testID={undefined}
                      tvParallaxProperties={undefined}
                    >
                      <View
                        style={
                          Object {
                            "alignSelf": "stretch",
                            "flex": 1,
                            "justifyContent": "center",
                          }
                        }
                      >
                        <Text
                          accessible={true}
                          allowFontScaling={true}
                          ellipsizeMode="tail"
                          foregroundColor="#000"
                        >
                          SoTotesMe
                        </Text>
                      </View>
                    </View>
                    <View
                      accessibilityComponentType={undefined}
                      accessibilityLabel={undefined}
                      accessibilityTraits={undefined}
                      accessible={true}
                      hitSlop={undefined}
                      isTVSelectable={true}
                      onLayout={undefined}
                      onResponderGrant={[Function]}
                      onResponderMove={[Function]}
                      onResponderRelease={[Function]}
                      onResponderTerminate={[Function]}
                      onResponderTerminationRequest={[Function]}
                      onStartShouldSetResponder={[Function]}
                      style={
                        Object {
                          "alignItems": "center",
                          "borderBottomWidth": 1,
                          "borderColor": "#ddd",
                          "flexDirection": "row",
                          "justifyContent": "flex-start",
                          "marginLeft": 15,
                          "opacity": 1,
                          "padding": 12,
                          "paddingLeft": 20,
                        }
                      }
                      testID={undefined}
                      tvParallaxProperties={undefined}
                    >
                      <View
                        style={
                          Object {
                            "alignSelf": "stretch",
                            "flex": 1,
                            "justifyContent": "center",
                          }
                        }
                      >
                        <Text
                          accessible={true}
                          allowFontScaling={true}
                          ellipsizeMode="tail"
                          foregroundColor="#000"
                        >
                          NotMeThough
                        </Text>
                      </View>
                    </View>
                    <View
                      accessibilityComponentType={undefined}
                      accessibilityLabel={undefined}
                      accessibilityTraits={undefined}
                      accessible={true}
                      hitSlop={undefined}
                      isTVSelectable={true}
                      onLayout={undefined}
                      onResponderGrant={[Function]}
                      onResponderMove={[Function]}
                      onResponderRelease={[Function]}
                      onResponderTerminate={[Function]}
                      onResponderTerminationRequest={[Function]}
                      onStartShouldSetResponder={[Function]}
                      style={
                        Object {
                          "alignItems": "center",
                          "borderBottomWidth": 1,
                          "borderColor": "#ddd",
                          "flexDirection": "row",
                          "justifyContent": "flex-start",
                          "marginLeft": 15,
                          "opacity": 1,
                          "padding": 12,
                          "paddingLeft": 20,
                        }
                      }
                      testID={undefined}
                      tvParallaxProperties={undefined}
                    >
                      <View
                        style={
                          Object {
                            "alignSelf": "stretch",
                            "flex": 1,
                            "justifyContent": "center",
                          }
                        }
                      >
                        <Text
                          accessible={true}
                          allowFontScaling={true}
                          ellipsizeMode="tail"
                          foregroundColor="#000"
                        >
                          SomethingElse
                        </Text>
                      </View>
                    </View>
                    <View
                      accessibilityComponentType={undefined}
                      accessibilityLabel={undefined}
                      accessibilityTraits={undefined}
                      accessible={true}
                      hitSlop={undefined}
                      isTVSelectable={true}
                      onLayout={undefined}
                      onResponderGrant={[Function]}
                      onResponderMove={[Function]}
                      onResponderRelease={[Function]}
                      onResponderTerminate={[Function]}
                      onResponderTerminationRequest={[Function]}
                      onStartShouldSetResponder={[Function]}
                      style={
                        Object {
                          "alignItems": "center",
                          "borderBottomWidth": 1,
                          "borderColor": "#ddd",
                          "flexDirection": "row",
                          "justifyContent": "flex-start",
                          "marginLeft": 15,
                          "opacity": 1,
                          "padding": 12,
                          "paddingLeft": 20,
                        }
                      }
                      testID={undefined}
                      tvParallaxProperties={undefined}
                    >
                      <View
                        style={
                          Object {
                            "alignSelf": "stretch",
                            "flex": 1,
                            "justifyContent": "center",
                          }
                        }
                      >
                        <Text
                          accessible={true}
                          allowFontScaling={true}
                          ellipsizeMode="tail"
                          foregroundColor="#000"
                        >
                          OutOfIdeas
                        </Text>
                      </View>
                    </View>
                  </View>
                </View>
              </View>
            </View>
          </RCTScrollView>
          <View
            style={
              Object {
                "alignItems": "center",
                "backgroundColor": "#F8F8F8",
                "borderColor": "#cbcbcb",
                "borderTopWidth": 1,
                "flexDirection": "row",
                "height": 222.33333333333334,
                "justifyContent": "center",
              }
            }
          >
            <View
              style={
                Object {
                  "alignItems": "center",
                  "flex": 1,
                }
              }
            >
              <View
                style={
                  Object {
                    "flex": 1,
                    "flexDirection": "row",
                  }
                }
              >
                <View
                  accessibilityComponentType={undefined}
                  accessibilityLabel={undefined}
                  accessibilityTraits={undefined}
                  accessible={true}
                  hitSlop={undefined}
                  onLayout={undefined}
                  onResponderGrant={[Function]}
                  onResponderMove={[Function]}
                  onResponderRelease={[Function]}
                  onResponderTerminate={[Function]}
                  onResponderTerminationRequest={[Function]}
                  onStartShouldSetResponder={[Function]}
                  style={
                    Object {
                      "alignItems": "center",
                      "flex": 1,
                      "justifyContent": "center",
                    }
                  }
                  testID={undefined}
                >
                  <Text
                    accessible={true}
                    allowFontScaling={true}
                    ellipsizeMode="tail"
                    style={
                      Object {
                        "color": "white",
                        "fontSize": 20,
                      }
                    }
                  >
                    Me
                  </Text>
                </View>
                <View
                  accessibilityComponentType={undefined}
                  accessibilityLabel={undefined}
                  accessibilityTraits={undefined}
                  accessible={true}
                  hitSlop={undefined}
                  onLayout={undefined}
                  onResponderGrant={[Function]}
                  onResponderMove={[Function]}
                  onResponderRelease={[Function]}
                  onResponderTerminate={[Function]}
                  onResponderTerminationRequest={[Function]}
                  onStartShouldSetResponder={[Function]}
                  style={
                    Object {
                      "alignItems": "center",
                      "flex": 1,
                      "justifyContent": "center",
                    }
                  }
                  testID={undefined}
                >
                  <Text
                    accessible={true}
                    allowFontScaling={true}
                    ellipsizeMode="tail"
                    style={
                      Object {
                        "color": "white",
                        "fontSize": 20,
                      }
                    }
                  >
                    Scan
                  </Text>
                </View>
              </View>
            </View>
          </View>
        </View>
      </View>
    </View>
  </View>
</View>
`;
