// Jest Snapshot v1, https://goo.gl/fbAQLP

exports[`BackButton renders correctly, by default 1`] = `null`;
