// Jest Snapshot v1, https://goo.gl/fbAQLP

exports[`Touchable renders correctly, by default 1`] = `
<TouchableWithoutFeedback
  delayPressIn={0}
/>
`;
