// Jest Snapshot v1, https://goo.gl/fbAQLP

exports[`renders correctly 1`] = `
<Navigator
  configureScene={[Function]}
  initialRoute={
    Object {
      "scene": [Function],
    }
  }
  onDidFocus={[Function]}
  onWillFocus={[Function]}
  renderScene={[Function]}
  sceneStyle={
    Object {
      "bottom": 0,
      "left": 0,
      "position": "absolute",
      "right": 0,
      "top": 0,
      "transform": Array [
        Object {
          "translateX": 0,
        },
        Object {
          "translateY": 0,
        },
        Object {
          "scaleX": 1,
        },
        Object {
          "scaleY": 1,
        },
        Object {
          "rotate": "0deg",
        },
        Object {
          "skewX": "0deg",
        },
        Object {
          "skewY": "0deg",
        },
      ],
    }
  }
/>
`;
